// Jest Snapshot v1, https://goo.gl/fbAQLP

exports[`MakeAssistanceRequest renders correctly 1`] = `
<View
  accessibilityIgnoresInvertColors={true}
  style={
    Object {
      "height": "100%",
      "width": "100%",
    }
  }
>
  <Image
    source={1}
    style={
      Array [
        Object {
          "bottom": 0,
          "left": 0,
          "position": "absolute",
          "right": 0,
          "top": 0,
        },
        Object {
          "height": "100%",
          "width": "100%",
        },
        undefined,
      ]
    }
  />
  <RCTScrollView
    automaticallyAdjustContentInsets={false}
    contentInset={
      Object {
        "bottom": 0,
      }
    }
    enableAutomaticScroll={true}
    enableOnAndroid={false}
    enableResetScrollToCoords={true}
    extraHeight={75}
    extraScrollHeight={0}
    getScrollResponder={[Function]}
    handleOnScroll={[Function]}
    keyboardDismissMode="interactive"
    keyboardOpeningTime={250}
    keyboardSpace={0}
    onScroll={[Function]}
    resetKeyboardSpace={[Function]}
    scrollEventThrottle={1}
    scrollForExtraHeightOnAndroid={[Function]}
    scrollIntoView={[Function]}
    scrollToEnd={[Function]}
    scrollToFocusedInput={[Function]}
    scrollToPosition={[Function]}
    showsVerticalScrollIndicator={true}
    style={
      Object {
        "height": "100%",
        "width": "100%",
      }
    }
    update={[Function]}
    viewIsInsideTabBar={false}
  >
    <View>
      <View
        style={
          Object {
            "alignItems": "center",
            "flex": 1,
            "height": "100%",
            "justifyContent": "center",
            "width": "100%",
          }
        }
      >
        <Text
          style={
            Object {
              "borderColor": "#fb5b5a",
              "borderRadius": 15,
              "borderWidth": 3,
              "color": "white",
              "fontSize": 25,
              "fontWeight": "bold",
              "marginBottom": 30,
              "marginLeft": 40,
              "marginRight": 40,
              "marginTop": 30,
              "padding": 10,
              "textAlign": "center",
            }
          }
        >
          Fill the form below:
        </Text>
        <View
          style={
            Object {
              "alignItems": "center",
              "backgroundColor": "#fb5b5a",
              "borderColor": "white",
              "borderRadius": 25,
              "borderWidth": 3,
              "elevation": 10,
              "height": "77%",
              "justifyContent": "center",
              "marginTop": 30,
              "padding": 10,
              "shadowColor": "black",
              "shadowOffset": Object {
                "height": 3,
                "width": 3,
              },
              "shadowOpacity": 1,
              "shadowRadius": 10,
              "width": "90%",
            }
          }
        >
          <View
            accessible={true}
            focusable={false}
            onClick={[Function]}
            onResponderGrant={[Function]}
            onResponderMove={[Function]}
            onResponderRelease={[Function]}
            onResponderTerminate={[Function]}
            onResponderTerminationRequest={[Function]}
            onStartShouldSetResponder={[Function]}
            style={
              Object {
                "flexGrow": 1,
                "flexShrink": 1,
              }
            }
          >
            <View
              index={0}
              siblings={
                Array [
                  "View",
                  "View",
                  "View",
                  "View",
                ]
              }
              style={
                Object {
                  "backgroundColor": "#FDFEFE",
                  "borderColor": "#2E86C1",
                  "borderRadius": 25,
                  "borderWidth": 4,
                  "elevation": 10,
                  "height": 50,
                  "justifyContent": "center",
                  "marginBottom": 15,
                  "marginTop": 25,
                  "padding": 20,
                  "width": 300,
                }
              }
              total={5}
            >
              <TextInput
                allowFontScaling={true}
                onChangeText={[Function]}
                placeholder="Address..."
                placeholderTextColor="#003f5c"
                rejectResponderTermination={true}
                style={
                  Object {
                    "color": "black",
                    "height": 60,
                  }
                }
                underlineColorAndroid="transparent"
              />
            </View>
            <View
              index={1}
              siblings={
                Array [
                  "View",
                  "View",
                  "View",
                  "View",
                ]
              }
              style={
                Object {
                  "backgroundColor": "#FDFEFE",
                  "borderColor": "#2E86C1",
                  "borderRadius": 25,
                  "borderWidth": 4,
                  "elevation": 10,
                  "height": 50,
                  "justifyContent": "center",
                  "marginBottom": 15,
                  "marginTop": 25,
                  "padding": 20,
                  "width": 300,
                }
              }
              total={5}
            >
              <TextInput
                allowFontScaling={true}
                onChangeText={[Function]}
                placeholder="Area..."
                placeholderTextColor="#003f5c"
                rejectResponderTermination={true}
                style={
                  Object {
                    "color": "black",
                    "height": 60,
                  }
                }
                underlineColorAndroid="transparent"
              />
            </View>
            <View
              index={2}
              siblings={
                Array [
                  "View",
                  "View",
                  "View",
                  "View",
                ]
              }
              style={
                Object {
                  "backgroundColor": "#FDFEFE",
                  "borderColor": "#2E86C1",
                  "borderRadius": 25,
                  "borderWidth": 4,
                  "elevation": 10,
                  "height": 50,
                  "justifyContent": "center",
                  "marginBottom": 15,
                  "marginTop": 25,
                  "padding": 20,
                  "width": 300,
                }
              }
              total={5}
            >
              <TextInput
                allowFontScaling={true}
                onChangeText={[Function]}
                placeholder="Request Type..."
                placeholderTextColor="#003f5c"
                rejectResponderTermination={true}
                style={
                  Object {
                    "color": "black",
                    "height": 60,
                  }
                }
                underlineColorAndroid="transparent"
              />
            </View>
            <View
              index={3}
              siblings={
                Array [
                  "View",
                  "View",
                  "View",
                  "View",
                ]
              }
              style={
                Object {
                  "backgroundColor": "#FDFEFE",
                  "borderColor": "#2E86C1",
                  "borderRadius": 25,
                  "borderWidth": 4,
                  "elevation": 10,
                  "height": 100,
                  "justifyContent": "center",
                  "marginBottom": 15,
                  "marginTop": 25,
                  "padding": 20,
                  "width": 300,
                }
              }
              total={5}
            >
              <TextInput
                allowFontScaling={true}
                multiline={true}
                onChangeText={[Function]}
                placeholder="Request Description..."
                placeholderTextColor="#003f5c"
                rejectResponderTermination={true}
                style={
                  Object {
                    "color": "black",
                    "height": 60,
                  }
                }
                underlineColorAndroid="transparent"
              />
            </View>
            <View
              accessible={true}
              focusable={true}
              onClick={[Function]}
              onResponderGrant={[Function]}
              onResponderMove={[Function]}
              onResponderRelease={[Function]}
              onResponderTerminate={[Function]}
              onResponderTerminationRequest={[Function]}
              onStartShouldSetResponder={[Function]}
              style={
                Object {
                  "alignItems": "center",
                  "backgroundColor": "#2E86C1",
                  "borderColor": "white",
                  "borderRadius": 15,
                  "borderWidth": 2,
                  "height": 50,
                  "justifyContent": "center",
                  "marginBottom": 20,
                  "marginTop": 20,
                  "opacity": 1,
                  "width": 300,
                }
              }
            >
              <Text
                style={
                  Object {
                    "color": "white",
                    "fontSize": 20,
                  }
                }
              >
                Submit
              </Text>
            </View>
          </View>
        </View>
      </View>
    </View>
  </RCTScrollView>
</View>
`;
