// Jest Snapshot v1, https://goo.gl/fbAQLP

exports[`SignUp renders correctly 1`] = `
<View
  accessibilityIgnoresInvertColors={true}
  style={
    Object {
      "height": "100%",
      "width": "100%",
    }
  }
>
  <Image
    source={1}
    style={
      Array [
        Object {
          "bottom": 0,
          "left": 0,
          "position": "absolute",
          "right": 0,
          "top": 0,
        },
        Object {
          "height": "100%",
          "width": "100%",
        },
        undefined,
      ]
    }
  />
  <RCTScrollView
    automaticallyAdjustContentInsets={false}
    contentInset={
      Object {
        "bottom": 0,
      }
    }
    enableAutomaticScroll={true}
    enableOnAndroid={false}
    enableResetScrollToCoords={true}
    extraHeight={75}
    extraScrollHeight={0}
    getScrollResponder={[Function]}
    handleOnScroll={[Function]}
    keyboardDismissMode="interactive"
    keyboardOpeningTime={250}
    keyboardSpace={0}
    onScroll={[Function]}
    resetKeyboardSpace={[Function]}
    scrollEventThrottle={1}
    scrollForExtraHeightOnAndroid={[Function]}
    scrollIntoView={[Function]}
    scrollToEnd={[Function]}
    scrollToFocusedInput={[Function]}
    scrollToPosition={[Function]}
    showsVerticalScrollIndicator={true}
    update={[Function]}
    viewIsInsideTabBar={false}
  >
    <View>
      <View
        style={
          Object {
            "alignItems": "center",
            "flex": 1,
            "height": "100%",
            "justifyContent": "center",
            "width": "100%",
          }
        }
      >
        <Image
          source={1}
          style={
            Object {
              "justifyContent": "center",
              "marginTop": -20,
            }
          }
        />
        <View
          style={
            Object {
              "backgroundColor": "#FDFEFE",
              "borderColor": "#fb5b5a",
              "borderRadius": 25,
              "borderWidth": 4,
              "elevation": 10,
              "height": 50,
              "justifyContent": "center",
              "marginBottom": 20,
              "marginTop": 20,
              "padding": 20,
              "width": "80%",
            }
          }
        >
          <TextInput
            allowFontScaling={true}
            onChangeText={[Function]}
            placeholder="Name..."
            placeholderTextColor="#003f5c"
            rejectResponderTermination={true}
            style={
              Object {
                "color": "black",
                "height": 50,
              }
            }
            underlineColorAndroid="transparent"
          />
        </View>
        <View
          style={
            Object {
              "backgroundColor": "#FDFEFE",
              "borderColor": "#fb5b5a",
              "borderRadius": 25,
              "borderWidth": 4,
              "elevation": 10,
              "height": 50,
              "justifyContent": "center",
              "marginBottom": 20,
              "marginTop": 20,
              "padding": 20,
              "width": "80%",
            }
          }
        >
          <TextInput
            allowFontScaling={true}
            onChangeText={[Function]}
            placeholder="Number..."
            placeholderTextColor="#003f5c"
            rejectResponderTermination={true}
            style={
              Object {
                "color": "black",
                "height": 50,
              }
            }
            underlineColorAndroid="transparent"
          />
        </View>
        <View
          style={
            Object {
              "backgroundColor": "#FDFEFE",
              "borderColor": "#fb5b5a",
              "borderRadius": 25,
              "borderWidth": 4,
              "elevation": 10,
              "height": 50,
              "justifyContent": "center",
              "marginBottom": 20,
              "marginTop": 20,
              "padding": 20,
              "width": "80%",
            }
          }
        >
          <TextInput
            allowFontScaling={true}
            onChangeText={[Function]}
            placeholder="Email..."
            placeholderTextColor="#003f5c"
            rejectResponderTermination={true}
            style={
              Object {
                "color": "black",
                "height": 50,
              }
            }
            underlineColorAndroid="transparent"
          />
        </View>
        <View
          style={
            Object {
              "backgroundColor": "#FDFEFE",
              "borderColor": "#fb5b5a",
              "borderRadius": 25,
              "borderWidth": 4,
              "elevation": 10,
              "height": 50,
              "justifyContent": "center",
              "marginBottom": 20,
              "marginTop": 20,
              "padding": 20,
              "width": "80%",
            }
          }
        >
          <TextInput
            allowFontScaling={true}
            onChangeText={[Function]}
            placeholder="Password..."
            placeholderTextColor="#003f5c"
            rejectResponderTermination={true}
            secureTextEntry={true}
            style={
              Object {
                "color": "black",
                "height": 50,
              }
            }
            underlineColorAndroid="transparent"
          />
        </View>
        <View
          style={
            Object {
              "backgroundColor": "#FDFEFE",
              "borderColor": "#fb5b5a",
              "borderRadius": 25,
              "borderWidth": 4,
              "elevation": 10,
              "height": 50,
              "justifyContent": "center",
              "marginBottom": 20,
              "marginTop": 20,
              "padding": 20,
              "width": "80%",
            }
          }
        >
          <TextInput
            allowFontScaling={true}
            onChangeText={[Function]}
            placeholder="Repeat Password..."
            placeholderTextColor="#003f5c"
            rejectResponderTermination={true}
            secureTextEntry={true}
            style={
              Object {
                "color": "black",
                "height": 50,
              }
            }
            underlineColorAndroid="transparent"
          />
        </View>
        <View>
          <View
            accessible={true}
            focusable={true}
            onClick={[Function]}
            onResponderGrant={[Function]}
            onResponderMove={[Function]}
            onResponderRelease={[Function]}
            onResponderTerminate={[Function]}
            onResponderTerminationRequest={[Function]}
            onStartShouldSetResponder={[Function]}
            style={
              Object {
                "alignItems": "center",
                "backgroundColor": "#fb5b5a",
                "borderColor": "#fff",
                "borderRadius": 15,
                "borderWidth": 3,
                "elevation": 10,
                "height": 50,
                "justifyContent": "center",
                "marginBottom": 90,
                "marginTop": 50,
                "opacity": 1,
                "shadowOpacity": 1,
                "width": 200,
              }
            }
          >
            <Text
              style={
                Object {
                  "color": "white",
                  "fontSize": 20,
                }
              }
            >
              Sign Up
            </Text>
          </View>
        </View>
      </View>
    </View>
  </RCTScrollView>
</View>
`;
